Archive member included to satisfy reference by file (symbol)

/opt/st/stm32cubeclt_1.16.0/GNU-tools-for-STM32/bin/../lib/gcc/arm-none-eabi/12.3.1/../../../../arm-none-eabi/lib/thumb/v7-m/nofp/libc_nano.a(libc_a-exit.o)
                              /opt/st/stm32cubeclt_1.16.0/GNU-tools-for-STM32/bin/../lib/gcc/arm-none-eabi/12.3.1/../../../../arm-none-eabi/lib/thumb/v7-m/nofp/crt0.o (exit)
/opt/st/stm32cubeclt_1.16.0/GNU-tools-for-STM32/bin/../lib/gcc/arm-none-eabi/12.3.1/../../../../arm-none-eabi/lib/thumb/v7-m/nofp/libc_nano.a(libc_a-findfp.o)
                              /opt/st/stm32cubeclt_1.16.0/GNU-tools-for-STM32/bin/../lib/gcc/arm-none-eabi/12.3.1/../../../../arm-none-eabi/lib/thumb/v7-m/nofp/libc_nano.a(libc_a-exit.o) (__stdio_exit_handler)
/opt/st/stm32cubeclt_1.16.0/GNU-tools-for-STM32/bin/../lib/gcc/arm-none-eabi/12.3.1/../../../../arm-none-eabi/lib/thumb/v7-m/nofp/libc_nano.a(libc_a-fwalk.o)
                              /opt/st/stm32cubeclt_1.16.0/GNU-tools-for-STM32/bin/../lib/gcc/arm-none-eabi/12.3.1/../../../../arm-none-eabi/lib/thumb/v7-m/nofp/libc_nano.a(libc_a-findfp.o) (_fwalk_sglue)
/opt/st/stm32cubeclt_1.16.0/GNU-tools-for-STM32/bin/../lib/gcc/arm-none-eabi/12.3.1/../../../../arm-none-eabi/lib/thumb/v7-m/nofp/libc_nano.a(libc_a-stdio.o)
                              /opt/st/stm32cubeclt_1.16.0/GNU-tools-for-STM32/bin/../lib/gcc/arm-none-eabi/12.3.1/../../../../arm-none-eabi/lib/thumb/v7-m/nofp/libc_nano.a(libc_a-findfp.o) (__sread)
/opt/st/stm32cubeclt_1.16.0/GNU-tools-for-STM32/bin/../lib/gcc/arm-none-eabi/12.3.1/../../../../arm-none-eabi/lib/thumb/v7-m/nofp/libc_nano.a(libc_a-memset.o)
                              /opt/st/stm32cubeclt_1.16.0/GNU-tools-for-STM32/bin/../lib/gcc/arm-none-eabi/12.3.1/../../../../arm-none-eabi/lib/thumb/v7-m/nofp/crt0.o (memset)
/opt/st/stm32cubeclt_1.16.0/GNU-tools-for-STM32/bin/../lib/gcc/arm-none-eabi/12.3.1/../../../../arm-none-eabi/lib/thumb/v7-m/nofp/libc_nano.a(libc_a-closer.o)
                              /opt/st/stm32cubeclt_1.16.0/GNU-tools-for-STM32/bin/../lib/gcc/arm-none-eabi/12.3.1/../../../../arm-none-eabi/lib/thumb/v7-m/nofp/libc_nano.a(libc_a-stdio.o) (_close_r)
/opt/st/stm32cubeclt_1.16.0/GNU-tools-for-STM32/bin/../lib/gcc/arm-none-eabi/12.3.1/../../../../arm-none-eabi/lib/thumb/v7-m/nofp/libc_nano.a(libc_a-reent.o)
                              /opt/st/stm32cubeclt_1.16.0/GNU-tools-for-STM32/bin/../lib/gcc/arm-none-eabi/12.3.1/../../../../arm-none-eabi/lib/thumb/v7-m/nofp/libc_nano.a(libc_a-closer.o) (errno)
/opt/st/stm32cubeclt_1.16.0/GNU-tools-for-STM32/bin/../lib/gcc/arm-none-eabi/12.3.1/../../../../arm-none-eabi/lib/thumb/v7-m/nofp/libc_nano.a(libc_a-impure.o)
                              /opt/st/stm32cubeclt_1.16.0/GNU-tools-for-STM32/bin/../lib/gcc/arm-none-eabi/12.3.1/../../../../arm-none-eabi/lib/thumb/v7-m/nofp/libc_nano.a(libc_a-reent.o) (_impure_ptr)
/opt/st/stm32cubeclt_1.16.0/GNU-tools-for-STM32/bin/../lib/gcc/arm-none-eabi/12.3.1/../../../../arm-none-eabi/lib/thumb/v7-m/nofp/libc_nano.a(libc_a-lseekr.o)
                              /opt/st/stm32cubeclt_1.16.0/GNU-tools-for-STM32/bin/../lib/gcc/arm-none-eabi/12.3.1/../../../../arm-none-eabi/lib/thumb/v7-m/nofp/libc_nano.a(libc_a-stdio.o) (_lseek_r)
/opt/st/stm32cubeclt_1.16.0/GNU-tools-for-STM32/bin/../lib/gcc/arm-none-eabi/12.3.1/../../../../arm-none-eabi/lib/thumb/v7-m/nofp/libc_nano.a(libc_a-readr.o)
                              /opt/st/stm32cubeclt_1.16.0/GNU-tools-for-STM32/bin/../lib/gcc/arm-none-eabi/12.3.1/../../../../arm-none-eabi/lib/thumb/v7-m/nofp/libc_nano.a(libc_a-stdio.o) (_read_r)
/opt/st/stm32cubeclt_1.16.0/GNU-tools-for-STM32/bin/../lib/gcc/arm-none-eabi/12.3.1/../../../../arm-none-eabi/lib/thumb/v7-m/nofp/libc_nano.a(libc_a-writer.o)
                              /opt/st/stm32cubeclt_1.16.0/GNU-tools-for-STM32/bin/../lib/gcc/arm-none-eabi/12.3.1/../../../../arm-none-eabi/lib/thumb/v7-m/nofp/libc_nano.a(libc_a-stdio.o) (_write_r)
/opt/st/stm32cubeclt_1.16.0/GNU-tools-for-STM32/bin/../lib/gcc/arm-none-eabi/12.3.1/../../../../arm-none-eabi/lib/thumb/v7-m/nofp/libc_nano.a(libc_a-init.o)
                              /opt/st/stm32cubeclt_1.16.0/GNU-tools-for-STM32/bin/../lib/gcc/arm-none-eabi/12.3.1/../../../../arm-none-eabi/lib/thumb/v7-m/nofp/crt0.o (__libc_init_array)
/opt/st/stm32cubeclt_1.16.0/GNU-tools-for-STM32/bin/../lib/gcc/arm-none-eabi/12.3.1/../../../../arm-none-eabi/lib/thumb/v7-m/nofp/libc_nano.a(libc_a-lock.o)
                              /opt/st/stm32cubeclt_1.16.0/GNU-tools-for-STM32/bin/../lib/gcc/arm-none-eabi/12.3.1/../../../../arm-none-eabi/lib/thumb/v7-m/nofp/libc_nano.a(libc_a-findfp.o) (__retarget_lock_init_recursive)
/opt/st/stm32cubeclt_1.16.0/GNU-tools-for-STM32/bin/../lib/gcc/arm-none-eabi/12.3.1/../../../../arm-none-eabi/lib/thumb/v7-m/nofp/libc_nano.a(libc_a-freer.o)
[...]
Memory Configuration

Name             Origin             Length             Attributes
RAM              0x20000000         0x00005000         xrw
FLASH            0x08000000         0x00010000         xr
*default*        0x00000000         0xffffffff

Linker script and memory map

LOAD /opt/st/stm32cubeclt_1.16.0/GNU-tools-for-STM32/bin/../lib/gcc/arm-none-eabi/12.3.1/thumb/v7-m/nofp/crti.o
LOAD /opt/st/stm32cubeclt_1.16.0/GNU-tools-for-STM32/bin/../lib/gcc/arm-none-eabi/12.3.1/thumb/v7-m/nofp/crtbegin.o
LOAD /opt/st/stm32cubeclt_1.16.0/GNU-tools-for-STM32/bin/../lib/gcc/arm-none-eabi/12.3.1/../../../../arm-none-eabi/lib/thumb/v7-m/nofp/crt0.o
START GROUP
LOAD /opt/st/stm32cubeclt_1.16.0/GNU-tools-for-STM32/bin/../lib/gcc/arm-none-eabi/12.3.1/../../../../arm-none-eabi/lib/thumb/v7-m/nofp/libc_nano.a
LOAD /opt/st/stm32cubeclt_1.16.0/GNU-tools-for-STM32/bin/../lib/gcc/arm-none-eabi/12.3.1/../../../../arm-none-eabi/lib/thumb/v7-m/nofp/libm.a
END GROUP
LOAD CMakeFiles/Blink.dir/Core/Src/main.c.obj
LOAD CMakeFiles/Blink.dir/Core/Src/stm32f1xx_it.c.obj
LOAD CMakeFiles/Blink.dir/Core/Src/stm32f1xx_hal_msp.c.obj
LOAD CMakeFiles/Blink.dir/Drivers/STM32F1xx_HAL_Driver/Src/stm32f1xx_hal_gpio_ex.c.obj
LOAD CMakeFiles/Blink.dir/Drivers/STM32F1xx_HAL_Driver/Src/stm32f1xx_hal_tim.c.obj
LOAD CMakeFiles/Blink.dir/Drivers/STM32F1xx_HAL_Driver/Src/stm32f1xx_hal_tim_ex.c.obj
LOAD CMakeFiles/Blink.dir/Drivers/STM32F1xx_HAL_Driver/Src/stm32f1xx_hal.c.obj
LOAD CMakeFiles/Blink.dir/Drivers/STM32F1xx_HAL_Driver/Src/stm32f1xx_hal_rcc.c.obj
LOAD CMakeFiles/Blink.dir/Drivers/STM32F1xx_HAL_Driver/Src/stm32f1xx_hal_rcc_ex.c.obj
LOAD CMakeFiles/Blink.dir/Drivers/STM32F1xx_HAL_Driver/Src/stm32f1xx_hal_gpio.c.obj
LOAD CMakeFiles/Blink.dir/Drivers/STM32F1xx_HAL_Driver/Src/stm32f1xx_hal_dma.c.obj
LOAD CMakeFiles/Blink.dir/Drivers/STM32F1xx_HAL_Driver/Src/stm32f1xx_hal_cortex.c.obj
LOAD CMakeFiles/Blink.dir/Drivers/STM32F1xx_HAL_Driver/Src/stm32f1xx_hal_pwr.c.obj
LOAD CMakeFiles/Blink.dir/Drivers/STM32F1xx_HAL_Driver/Src/stm32f1xx_hal_flash.c.obj
LOAD CMakeFiles/Blink.dir/Drivers/STM32F1xx_HAL_Driver/Src/stm32f1xx_hal_flash_ex.c.obj
LOAD CMakeFiles/Blink.dir/Drivers/STM32F1xx_HAL_Driver/Src/stm32f1xx_hal_exti.c.obj
LOAD CMakeFiles/Blink.dir/Core/Src/system_stm32f1xx.c.obj
LOAD CMakeFiles/Blink.dir/Core/Src/sysmem.c.obj
LOAD CMakeFiles/Blink.dir/Core/Src/syscalls.c.obj
LOAD CMakeFiles/Blink.dir/startup_stm32f103xb.s.obj
START GROUP
LOAD /opt/st/stm32cubeclt_1.16.0/GNU-tools-for-STM32/bin/../lib/gcc/arm-none-eabi/12.3.1/thumb/v7-m/nofp/libgcc.a
LOAD /opt/st/stm32cubeclt_1.16.0/GNU-tools-for-STM32/bin/../lib/gcc/arm-none-eabi/12.3.1/../../../../arm-none-eabi/lib/thumb/v7-m/nofp/libg_nano.a
LOAD /opt/st/stm32cubeclt_1.16.0/GNU-tools-for-STM32/bin/../lib/gcc/arm-none-eabi/12.3.1/../../../../arm-none-eabi/lib/thumb/v7-m/nofp/libc_nano.a
END GROUP
START GROUP
LOAD /opt/st/stm32cubeclt_1.16.0/GNU-tools-for-STM32/bin/../lib/gcc/arm-none-eabi/12.3.1/thumb/v7-m/nofp/libgcc.a
LOAD /opt/st/stm32cubeclt_1.16.0/GNU-tools-for-STM32/bin/../lib/gcc/arm-none-eabi/12.3.1/../../../../arm-none-eabi/lib/thumb/v7-m/nofp/libc_nano.a
END GROUP
LOAD /opt/st/stm32cubeclt_1.16.0/GNU-tools-for-STM32/bin/../lib/gcc/arm-none-eabi/12.3.1/thumb/v7-m/nofp/crtend.o
LOAD /opt/st/stm32cubeclt_1.16.0/GNU-tools-for-STM32/bin/../lib/gcc/arm-none-eabi/12.3.1/thumb/v7-m/nofp/crtn.o
                0x20005000                        _estack = (ORIGIN (RAM) + LENGTH (RAM))
                0x00000200                        _Min_Heap_Size = 0x200
                0x00000400                        _Min_Stack_Size = 0x400

.isr_vector     0x08000000      0x10c
                0x08000000                        . = ALIGN (0x4)
 *(.isr_vector)
 .isr_vector    0x08000000      0x10c CMakeFiles/Blink.dir/startup_stm32f103xb.s.obj
                0x08000000                g_pfnVectors
                0x0800010c                        . = ALIGN (0x4)

.text           0x0800010c     0x10b8
                0x0800010c                        . = ALIGN (0x4)
 *(.text)
 .text          0x0800010c       0x40 /opt/st/stm32cubeclt_1.16.0/GNU-tools-for-STM32/bin/../lib/gcc/arm-none-eabi/12.3.1/thumb/v7-m/nofp/crtbegin.o
 *(.text*)
 .text.memset   0x0800014c       0x10 /opt/st/stm32cubeclt_1.16.0/GNU-tools-for-STM32/bin/../lib/gcc/arm-none-eabi/12.3.1/../../../../arm-none-eabi/lib/thumb/v7-m/nofp/libc_nano.a(libc_a-memset.o)
                0x0800014c                memset
 .text.__libc_init_array
                0x0800015c       0x48 /opt/st/stm32cubeclt_1.16.0/GNU-tools-for-STM32/bin/../lib/gcc/arm-none-eabi/12.3.1/../../../../arm-none-eabi/lib/thumb/v7-m/nofp/libc_nano.a(libc_a-init.o)
                0x0800015c                __libc_init_array
 .text.main     0x080001a4       0x40 CMakeFiles/Blink.dir/Core/Src/main.c.obj
                0x080001a4                main
 .text.SystemClock_Config
                0x080001e4       0x76 CMakeFiles/Blink.dir/Core/Src/main.c.obj
                0x080001e4                SystemClock_Config
 *fill*         0x0800025a        0x2 
 .text.MX_GPIO_Init
                0x0800025c       0x68 CMakeFiles/Blink.dir/Core/Src/main.c.obj
 .text.Error_Handler
                0x080002c4        0xc CMakeFiles/Blink.dir/Core/Src/main.c.obj
                0x080002c4                Error_Handler
 .text.NMI_Handler
                0x080002d0        0x8 CMakeFiles/Blink.dir/Core/Src/stm32f1xx_it.c.obj
                0x080002d0                NMI_Handler
 .text.HardFault_Handler
                0x080002d8        0x8 CMakeFiles/Blink.dir/Core/Src/stm32f1xx_it.c.obj
                0x080002d8                HardFault_Handler
 .text.MemManage_Handler
                0x080002e0        0x8 CMakeFiles/Blink.dir/Core/Src/stm32f1xx_it.c.obj
                0x080002e0                MemManage_Handler
 .text.BusFault_Handler
                0x080002e8        0x8 CMakeFiles/Blink.dir/Core/Src/stm32f1xx_it.c.obj
                0x080002e8                BusFault_Handler
 .text.UsageFault_Handler
                0x080002f0        0x8 CMakeFiles/Blink.dir/Core/Src/stm32f1xx_it.c.obj
                0x080002f0                UsageFault_Handler
 .text.SVC_Handler
                0x080002f8        0xc CMakeFiles/Blink.dir/Core/Src/stm32f1xx_it.c.obj
                0x080002f8                SVC_Handler
 .text.DebugMon_Handler
                0x08000304        0xc CMakeFiles/Blink.dir/Core/Src/stm32f1xx_it.c.obj
                0x08000304                DebugMon_Handler
 .text.PendSV_Handler
                0x08000310        0xc CMakeFiles/Blink.dir/Core/Src/stm32f1xx_it.c.obj
                0x08000310                PendSV_Handler
 .text.SysTick_Handler
                0x0800031c        0xc CMakeFiles/Blink.dir/Core/Src/stm32f1xx_it.c.obj
                0x0800031c                SysTick_Handler
 .text.HAL_MspInit
                0x08000328       0x64 CMakeFiles/Blink.dir/Core/Src/stm32f1xx_hal_msp.c.obj
                0x08000328                HAL_MspInit
 .text.HAL_Init
                0x0800038c       0x2c CMakeFiles/Blink.dir/Drivers/STM32F1xx_HAL_Driver/Src/stm32f1xx_hal.c.obj
                0x0800038c                HAL_Init
 .text.HAL_InitTick
                0x080003b8       0x60 CMakeFiles/Blink.dir/Drivers/STM32F1xx_HAL_Driver/Src/stm32f1xx_hal.c.obj
                0x080003b8                HAL_InitTick
 .text.HAL_IncTick
                0x08000418       0x24 CMakeFiles/Blink.dir/Drivers/STM32F1xx_HAL_Driver/Src/stm32f1xx_hal.c.obj
                0x08000418                HAL_IncTick
 .text.HAL_GetTick
                0x0800043c       0x14 CMakeFiles/Blink.dir/Drivers/STM32F1xx_HAL_Driver/Src/stm32f1xx_hal.c.obj
                0x0800043c                HAL_GetTick
 .text.HAL_Delay
                0x08000450       0x48 CMakeFiles/Blink.dir/Drivers/STM32F1xx_HAL_Driver/Src/stm32f1xx_hal.c.obj
                0x08000450                HAL_Delay
 .text.HAL_RCC_OscConfig
                0x08000498      0x504 CMakeFiles/Blink.dir/Drivers/STM32F1xx_HAL_Driver/Src/stm32f1xx_hal_rcc.c.obj
                0x08000498                HAL_RCC_OscConfig
 .text.HAL_RCC_ClockConfig
                0x0800099c      0x1d4 CMakeFiles/Blink.dir/Drivers/STM32F1xx_HAL_Driver/Src/stm32f1xx_hal_rcc.c.obj
                0x0800099c                HAL_RCC_ClockConfig
 .text.HAL_RCC_GetSysClockFreq
                0x08000b70       0xa8 CMakeFiles/Blink.dir/Drivers/STM32F1xx_HAL_Driver/Src/stm32f1xx_hal_rcc.c.obj
                0x08000b70                HAL_RCC_GetSysClockFreq
 .text.RCC_Delay
                0x08000c18       0x3c CMakeFiles/Blink.dir/Drivers/STM32F1xx_HAL_Driver/Src/stm32f1xx_hal_rcc.c.obj
 .text.HAL_GPIO_Init
                0x08000c54      0x308 CMakeFiles/Blink.dir/Drivers/STM32F1xx_HAL_Driver/Src/stm32f1xx_hal_gpio.c.obj
                0x08000c54                HAL_GPIO_Init
 .text.HAL_GPIO_WritePin
                0x08000f5c       0x30 CMakeFiles/Blink.dir/Drivers/STM32F1xx_HAL_Driver/Src/stm32f1xx_hal_gpio.c.obj
                0x08000f5c                HAL_GPIO_WritePin
 .text.__NVIC_SetPriorityGrouping
                0x08000f8c       0x48 CMakeFiles/Blink.dir/Drivers/STM32F1xx_HAL_Driver/Src/stm32f1xx_hal_cortex.c.obj
 .text.__NVIC_GetPriorityGrouping
                0x08000fd4       0x1c CMakeFiles/Blink.dir/Drivers/STM32F1xx_HAL_Driver/Src/stm32f1xx_hal_cortex.c.obj
 .text.__NVIC_SetPriority
                0x08000ff0       0x54 CMakeFiles/Blink.dir/Drivers/STM32F1xx_HAL_Driver/Src/stm32f1xx_hal_cortex.c.obj
 .text.NVIC_EncodePriority
                0x08001044       0x64 CMakeFiles/Blink.dir/Drivers/STM32F1xx_HAL_Driver/Src/stm32f1xx_hal_cortex.c.obj
 .text.SysTick_Config
                0x080010a8       0x44 CMakeFiles/Blink.dir/Drivers/STM32F1xx_HAL_Driver/Src/stm32f1xx_hal_cortex.c.obj
 .text.HAL_NVIC_SetPriorityGrouping
                0x080010ec       0x16 CMakeFiles/Blink.dir/Drivers/STM32F1xx_HAL_Driver/Src/stm32f1xx_hal_cortex.c.obj
                0x080010ec                HAL_NVIC_SetPriorityGrouping
 .text.HAL_NVIC_SetPriority
                0x08001102       0x38 CMakeFiles/Blink.dir/Drivers/STM32F1xx_HAL_Driver/Src/stm32f1xx_hal_cortex.c.obj
                0x08001102                HAL_NVIC_SetPriority
 .text.HAL_SYSTICK_Config
                0x0800113a       0x18 CMakeFiles/Blink.dir/Drivers/STM32F1xx_HAL_Driver/Src/stm32f1xx_hal_cortex.c.obj
                0x0800113a                HAL_SYSTICK_Config
 .text.SystemInit
                0x08001152        0xc CMakeFiles/Blink.dir/Core/Src/system_stm32f1xx.c.obj
                0x08001152                SystemInit
 *fill*         0x0800115e        0x2 
 .text.Reset_Handler
                0x08001160       0x48 CMakeFiles/Blink.dir/startup_stm32f103xb.s.obj
                0x08001160                Reset_Handler
 .text.Default_Handler
                0x080011a8        0x2 CMakeFiles/Blink.dir/startup_stm32f103xb.s.obj
                0x080011a8                RTC_Alarm_IRQHandler
                0x080011a8                EXTI2_IRQHandler
                0x080011a8                TIM1_CC_IRQHandler
                0x080011a8                PVD_IRQHandler
                0x080011a8                EXTI3_IRQHandler
                0x080011a8                EXTI0_IRQHandler
                0x080011a8                I2C2_EV_IRQHandler
                0x080011a8                ADC1_2_IRQHandler
                0x080011a8                SPI1_IRQHandler
                0x080011a8                TAMPER_IRQHandler
                0x080011a8                DMA1_Channel4_IRQHandler
                0x080011a8                USART3_IRQHandler
                0x080011a8                RTC_IRQHandler
                0x080011a8                DMA1_Channel7_IRQHandler
                0x080011a8                CAN1_RX1_IRQHandler
                0x080011a8                TIM4_IRQHandler
                0x080011a8                I2C1_EV_IRQHandler
                0x080011a8                DMA1_Channel6_IRQHandler
                0x080011a8                TIM3_IRQHandler
                0x080011a8                RCC_IRQHandler
                0x080011a8                TIM1_TRG_COM_IRQHandler
                0x080011a8                DMA1_Channel1_IRQHandler
                0x080011a8                Default_Handler
                0x080011a8                EXTI15_10_IRQHandler
                0x080011a8                EXTI9_5_IRQHandler
                0x080011a8                SPI2_IRQHandler
                0x080011a8                DMA1_Channel5_IRQHandler
                0x080011a8                EXTI4_IRQHandler
                0x080011a8                USB_LP_CAN1_RX0_IRQHandler
                0x080011a8                USB_HP_CAN1_TX_IRQHandler
                0x080011a8                DMA1_Channel3_IRQHandler
                0x080011a8                TIM1_UP_IRQHandler
                0x080011a8                WWDG_IRQHandler
                0x080011a8                TIM2_IRQHandler
                0x080011a8                TIM1_BRK_IRQHandler
                0x080011a8                EXTI1_IRQHandler
                0x080011a8                USART2_IRQHandler
                0x080011a8                I2C2_ER_IRQHandler
                0x080011a8                DMA1_Channel2_IRQHandler
                0x080011a8                CAN1_SCE_IRQHandler
                0x080011a8                FLASH_IRQHandler
                0x080011a8                USART1_IRQHandler
                0x080011a8                I2C1_ER_IRQHandler
                0x080011a8                USBWakeUp_IRQHandler
 *(.glue_7)
 .glue_7        0x080011aa        0x0 linker stubs
 *(.glue_7t)
 .glue_7t       0x080011aa        0x0 linker stubs
 *(.eh_frame)
 *fill*         0x080011aa        0x2 
 .eh_frame      0x080011ac        0x0 /opt/st/stm32cubeclt_1.16.0/GNU-tools-for-STM32/bin/../lib/gcc/arm-none-eabi/12.3.1/thumb/v7-m/nofp/crtbegin.o
 *(.init)
 .init          0x080011ac        0x4 /opt/st/stm32cubeclt_1.16.0/GNU-tools-for-STM32/bin/../lib/gcc/arm-none-eabi/12.3.1/thumb/v7-m/nofp/crti.o
                0x080011ac                _init
 .init          0x080011b0        0x8 /opt/st/stm32cubeclt_1.16.0/GNU-tools-for-STM32/bin/../lib/gcc/arm-none-eabi/12.3.1/thumb/v7-m/nofp/crtn.o
 *(.fini)
 .fini          0x080011b8        0x4 /opt/st/stm32cubeclt_1.16.0/GNU-tools-for-STM32/bin/../lib/gcc/arm-none-eabi/12.3.1/thumb/v7-m/nofp/crti.o
                0x080011b8                _fini
 .fini          0x080011bc        0x8 /opt/st/stm32cubeclt_1.16.0/GNU-tools-for-STM32/bin/../lib/gcc/arm-none-eabi/12.3.1/thumb/v7-m/nofp/crtn.o
                0x080011c4                        . = ALIGN (0x4)
                0x080011c4                        _etext = .

.vfp11_veneer   0x080011c4        0x0
 .vfp11_veneer  0x080011c4        0x0 linker stubs

.v4_bx          0x080011c4        0x0
 .v4_bx         0x080011c4        0x0 linker stubs

.iplt           0x080011c4        0x0
 .iplt          0x080011c4        0x0 /opt/st/stm32cubeclt_1.16.0/GNU-tools-for-STM32/bin/../lib/gcc/arm-none-eabi/12.3.1/thumb/v7-m/nofp/crtbegin.o

.rodata         0x080011c4       0x24
                0x080011c4                        . = ALIGN (0x4)
 *(.rodata)
 *(.rodata*)
 .rodata.aPLLMULFactorTable.1
                0x080011c4       0x10 CMakeFiles/Blink.dir/Drivers/STM32F1xx_HAL_Driver/Src/stm32f1xx_hal_rcc.c.obj
 .rodata.aPredivFactorTable.0
                0x080011d4        0x2 CMakeFiles/Blink.dir/Drivers/STM32F1xx_HAL_Driver/Src/stm32f1xx_hal_rcc.c.obj
 *fill*         0x080011d6        0x2 
 .rodata.AHBPrescTable
                0x080011d8       0x10 CMakeFiles/Blink.dir/Core/Src/system_stm32f1xx.c.obj
                0x080011d8                AHBPrescTable
                0x080011e8                        . = ALIGN (0x4)

.rel.dyn        0x080011e8        0x0
 .rel.iplt      0x080011e8        0x0 /opt/st/stm32cubeclt_1.16.0/GNU-tools-for-STM32/bin/../lib/gcc/arm-none-eabi/12.3.1/thumb/v7-m/nofp/crtbegin.o

.ARM.extab
 *(.ARM.extab* .gnu.linkonce.armextab.*)

.ARM            0x080011e8        0x0
                0x080011e8                        __exidx_start = .
 *(.ARM.exidx*)
                0x080011e8                        __exidx_end = .

.preinit_array  0x080011e8        0x0
                0x080011e8                        PROVIDE (__preinit_array_start = .)
 *(.preinit_array*)
                0x080011e8                        PROVIDE (__preinit_array_end = .)

.init_array     0x080011e8        0x4
                0x080011e8                        PROVIDE (__init_array_start = .)
 *(SORT_BY_NAME(.init_array.*))
 *(.init_array*)
 .init_array    0x080011e8        0x4 /opt/st/stm32cubeclt_1.16.0/GNU-tools-for-STM32/bin/../lib/gcc/arm-none-eabi/12.3.1/thumb/v7-m/nofp/crtbegin.o
                0x080011ec                        PROVIDE (__init_array_end = .)

.fini_array     0x080011ec        0x4
                [!provide]                        PROVIDE (__fini_array_start = .)
 *(SORT_BY_NAME(.fini_array.*))
 *(.fini_array*)
 .fini_array    0x080011ec        0x4 /opt/st/stm32cubeclt_1.16.0/GNU-tools-for-STM32/bin/../lib/gcc/arm-none-eabi/12.3.1/thumb/v7-m/nofp/crtbegin.o
                [!provide]                        PROVIDE (__fini_array_end = .)
                0x080011f0                        _sidata = LOADADDR (.data)

.data           0x20000000        0xc load address 0x080011f0
                0x20000000                        . = ALIGN (0x4)
                0x20000000                        _sdata = .
 *(.data)
 *(.data*)
 .data.uwTickPrio
                0x20000000        0x4 CMakeFiles/Blink.dir/Drivers/STM32F1xx_HAL_Driver/Src/stm32f1xx_hal.c.obj
                0x20000000                uwTickPrio
 .data.uwTickFreq
                0x20000004        0x1 CMakeFiles/Blink.dir/Drivers/STM32F1xx_HAL_Driver/Src/stm32f1xx_hal.c.obj
                0x20000004                uwTickFreq
 *fill*         0x20000005        0x3 
 .data.SystemCoreClock
                0x20000008        0x4 CMakeFiles/Blink.dir/Core/Src/system_stm32f1xx.c.obj
                0x20000008                SystemCoreClock
                0x2000000c                        . = ALIGN (0x4)
                0x2000000c                        _edata = .

.igot.plt       0x2000000c        0x0 load address 0x080011fc
 .igot.plt      0x2000000c        0x0 /opt/st/stm32cubeclt_1.16.0/GNU-tools-for-STM32/bin/../lib/gcc/arm-none-eabi/12.3.1/thumb/v7-m/nofp/crtbegin.o
                0x2000000c                        . = ALIGN (0x4)

.bss            0x2000000c       0x20 load address 0x080011fc
                0x2000000c                        _sbss = .
                0x2000000c                        __bss_start__ = _sbss
 *(.bss)
 .bss           0x2000000c       0x1c /opt/st/stm32cubeclt_1.16.0/GNU-tools-for-STM32/bin/../lib/gcc/arm-none-eabi/12.3.1/thumb/v7-m/nofp/crtbegin.o
 *(.bss*)
 .bss.uwTick    0x20000028        0x4 CMakeFiles/Blink.dir/Drivers/STM32F1xx_HAL_Driver/Src/stm32f1xx_hal.c.obj
                0x20000028                uwTick
 *(COMMON)
                0x2000002c                        . = ALIGN (0x4)
                0x2000002c                        _ebss = .
                0x2000002c                        __bss_end__ = _ebss

._user_heap_stack
                0x2000002c      0x604 load address 0x080011fc
                0x20000030                        . = ALIGN (0x8)
 *fill*         0x2000002c        0x4 
                [!provide]                        PROVIDE (end = .)
                0x20000030                        PROVIDE (_end = .)
                0x20000230                        . = (. + _Min_Heap_Size)
 *fill*         0x20000030      0x200 
                0x20000630                        . = (. + _Min_Stack_Size)
 *fill*         0x20000230      0x400 
                0x20000630                        . = ALIGN (0x8)

/DISCARD/
 libc.a(*)
 libm.a(*)
 libgcc.a(*)

.ARM.attributes
                0x00000000       0x29
 *(.ARM.attributes)
 .ARM.attributes
                0x00000000       0x1d /opt/st/stm32cubeclt_1.16.0/GNU-tools-for-STM32/bin/../lib/gcc/arm-none-eabi/12.3.1/thumb/v7-m/nofp/crti.o
 .ARM.attributes
                0x0000001d       0x2d /opt/st/stm32cubeclt_1.16.0/GNU-tools-for-STM32/bin/../lib/gcc/arm-none-eabi/12.3.1/thumb/v7-m/nofp/crtbegin.o
 .ARM.attributes
                0x0000004a       0x2d /opt/st/stm32cubeclt_1.16.0/GNU-tools-for-STM32/bin/../lib/gcc/arm-none-eabi/12.3.1/../../../../arm-none-eabi/lib/thumb/v7-m/nofp/libc_nano.a(libc_a-memset.o)
 .ARM.attributes
                0x00000077       0x2d /opt/st/stm32cubeclt_1.16.0/GNU-tools-for-STM32/bin/../lib/gcc/arm-none-eabi/12.3.1/../../../../arm-none-eabi/lib/thumb/v7-m/nofp/libc_nano.a(libc_a-init.o)
 .ARM.attributes
                0x000000a4       0x2d CMakeFiles/Blink.dir/Core/Src/main.c.obj
 .ARM.attributes
                0x000000d1       0x2d CMakeFiles/Blink.dir/Core/Src/stm32f1xx_it.c.obj
 .ARM.attributes
                0x000000fe       0x2d CMakeFiles/Blink.dir/Core/Src/stm32f1xx_hal_msp.c.obj
 .ARM.attributes
                0x0000012b       0x2d CMakeFiles/Blink.dir/Drivers/STM32F1xx_HAL_Driver/Src/stm32f1xx_hal.c.obj
 .ARM.attributes
                0x00000158       0x2d CMakeFiles/Blink.dir/Drivers/STM32F1xx_HAL_Driver/Src/stm32f1xx_hal_rcc.c.obj
 .ARM.attributes
                0x00000185       0x2d CMakeFiles/Blink.dir/Drivers/STM32F1xx_HAL_Driver/Src/stm32f1xx_hal_gpio.c.obj
 .ARM.attributes
                0x000001b2       0x2d CMakeFiles/Blink.dir/Drivers/STM32F1xx_HAL_Driver/Src/stm32f1xx_hal_cortex.c.obj
 .ARM.attributes
                0x000001df       0x2d CMakeFiles/Blink.dir/Core/Src/system_stm32f1xx.c.obj
 .ARM.attributes
                0x0000020c       0x21 CMakeFiles/Blink.dir/startup_stm32f103xb.s.obj
 .ARM.attributes
                0x0000022d       0x1d /opt/st/stm32cubeclt_1.16.0/GNU-tools-for-STM32/bin/../lib/gcc/arm-none-eabi/12.3.1/thumb/v7-m/nofp/crtn.o
OUTPUT(Blink.elf elf32-littlearm)
LOAD linker stubs
LOAD /opt/st/stm32cubeclt_1.16.0/GNU-tools-for-STM32/bin/../lib/gcc/arm-none-eabi/12.3.1/../../../../arm-none-eabi/lib/thumb/v7-m/nofp/libc.a
LOAD /opt/st/stm32cubeclt_1.16.0/GNU-tools-for-STM32/bin/../lib/gcc/arm-none-eabi/12.3.1/../../../../arm-none-eabi/lib/thumb/v7-m/nofp/libm.a
LOAD /opt/st/stm32cubeclt_1.16.0/GNU-tools-for-STM32/bin/../lib/gcc/arm-none-eabi/12.3.1/thumb/v7-m/nofp/libgcc.a

.debug_frame    0x00000000      0xd2c
 .debug_frame   0x00000000       0x20 /opt/st/stm32cubeclt_1.16.0/GNU-tools-for-STM32/bin/../lib/gcc/arm-none-eabi/12.3.1/../../../../arm-none-eabi/lib/thumb/v7-m/nofp/libc_nano.a(libc_a-memset.o)
 .debug_frame   0x00000020       0x2c /opt/st/stm32cubeclt_1.16.0/GNU-tools-for-STM32/bin/../lib/gcc/arm-none-eabi/12.3.1/../../../../arm-none-eabi/lib/thumb/v7-m/nofp/libc_nano.a(libc_a-init.o)
 .debug_frame   0x0000004c       0x8c CMakeFiles/Blink.dir/Core/Src/main.c.obj
 .debug_frame   0x000000d8      0x104 CMakeFiles/Blink.dir/Core/Src/stm32f1xx_it.c.obj
 .debug_frame   0x000001dc       0x38 CMakeFiles/Blink.dir/Core/Src/stm32f1xx_hal_msp.c.obj
 .debug_frame   0x00000214      0x334 CMakeFiles/Blink.dir/Drivers/STM32F1xx_HAL_Driver/Src/stm32f1xx_hal.c.obj
 .debug_frame   0x00000548      0x218 CMakeFiles/Blink.dir/Drivers/STM32F1xx_HAL_Driver/Src/stm32f1xx_hal_rcc.c.obj
 .debug_frame   0x00000760      0x14c CMakeFiles/Blink.dir/Drivers/STM32F1xx_HAL_Driver/Src/stm32f1xx_hal_gpio.c.obj
 .debug_frame   0x000008ac      0x428 CMakeFiles/Blink.dir/Drivers/STM32F1xx_HAL_Driver/Src/stm32f1xx_hal_cortex.c.obj
 .debug_frame   0x00000cd4       0x58 CMakeFiles/Blink.dir/Core/Src/system_stm32f1xx.c.obj

.debug_info     0x00000000     0x28e8
 .debug_info    0x00000000      0x487 CMakeFiles/Blink.dir/Core/Src/main.c.obj
 .debug_info    0x00000487      0x113 CMakeFiles/Blink.dir/Core/Src/stm32f1xx_it.c.obj
 .debug_info    0x0000059a      0x1f1 CMakeFiles/Blink.dir/Core/Src/stm32f1xx_hal_msp.c.obj
 .debug_info    0x0000078b      0x704 CMakeFiles/Blink.dir/Drivers/STM32F1xx_HAL_Driver/Src/stm32f1xx_hal.c.obj
 .debug_info    0x00000e8f      0x7d5 CMakeFiles/Blink.dir/Drivers/STM32F1xx_HAL_Driver/Src/stm32f1xx_hal_rcc.c.obj
 .debug_info    0x00001664      0x5ab CMakeFiles/Blink.dir/Drivers/STM32F1xx_HAL_Driver/Src/stm32f1xx_hal_gpio.c.obj
 .debug_info    0x00001c0f      0xa87 CMakeFiles/Blink.dir/Drivers/STM32F1xx_HAL_Driver/Src/stm32f1xx_hal_cortex.c.obj
 .debug_info    0x00002696      0x222 CMakeFiles/Blink.dir/Core/Src/system_stm32f1xx.c.obj
 .debug_info    0x000028b8       0x30 CMakeFiles/Blink.dir/startup_stm32f103xb.s.obj

.debug_abbrev   0x00000000      0xe13
 .debug_abbrev  0x00000000      0x1ec CMakeFiles/Blink.dir/Core/Src/main.c.obj
 .debug_abbrev  0x000001ec       0x73 CMakeFiles/Blink.dir/Core/Src/stm32f1xx_it.c.obj
 .debug_abbrev  0x0000025f       0xdb CMakeFiles/Blink.dir/Core/Src/stm32f1xx_hal_msp.c.obj
 .debug_abbrev  0x0000033a      0x201 CMakeFiles/Blink.dir/Drivers/STM32F1xx_HAL_Driver/Src/stm32f1xx_hal.c.obj
 .debug_abbrev  0x0000053b      0x2b3 CMakeFiles/Blink.dir/Drivers/STM32F1xx_HAL_Driver/Src/stm32f1xx_hal_rcc.c.obj
 .debug_abbrev  0x000007ee      0x1ca CMakeFiles/Blink.dir/Drivers/STM32F1xx_HAL_Driver/Src/stm32f1xx_hal_gpio.c.obj
 .debug_abbrev  0x000009b8      0x2f8 CMakeFiles/Blink.dir/Drivers/STM32F1xx_HAL_Driver/Src/stm32f1xx_hal_cortex.c.obj
 .debug_abbrev  0x00000cb0      0x13f CMakeFiles/Blink.dir/Core/Src/system_stm32f1xx.c.obj
 .debug_abbrev  0x00000def       0x24 CMakeFiles/Blink.dir/startup_stm32f103xb.s.obj

.debug_aranges  0x00000000      0x3d0
 .debug_aranges
                0x00000000       0x38 CMakeFiles/Blink.dir/Core/Src/main.c.obj
 .debug_aranges
                0x00000038       0x60 CMakeFiles/Blink.dir/Core/Src/stm32f1xx_it.c.obj
 .debug_aranges
                0x00000098       0x20 CMakeFiles/Blink.dir/Core/Src/stm32f1xx_hal_msp.c.obj
 .debug_aranges
                0x000000b8       0xe0 CMakeFiles/Blink.dir/Drivers/STM32F1xx_HAL_Driver/Src/stm32f1xx_hal.c.obj
 .debug_aranges
                0x00000198       0x90 CMakeFiles/Blink.dir/Drivers/STM32F1xx_HAL_Driver/Src/stm32f1xx_hal_rcc.c.obj
 .debug_aranges
                0x00000228       0x58 CMakeFiles/Blink.dir/Drivers/STM32F1xx_HAL_Driver/Src/stm32f1xx_hal_gpio.c.obj
 .debug_aranges
                0x00000280      0x100 CMakeFiles/Blink.dir/Drivers/STM32F1xx_HAL_Driver/Src/stm32f1xx_hal_cortex.c.obj
 .debug_aranges
                0x00000380       0x28 CMakeFiles/Blink.dir/Core/Src/system_stm32f1xx.c.obj
 .debug_aranges
                0x000003a8       0x28 CMakeFiles/Blink.dir/startup_stm32f103xb.s.obj

.debug_rnglists
                0x00000000      0x2b7
 .debug_rnglists
                0x00000000       0x25 CMakeFiles/Blink.dir/Core/Src/main.c.obj
 .debug_rnglists
                0x00000025       0x43 CMakeFiles/Blink.dir/Core/Src/stm32f1xx_it.c.obj
 .debug_rnglists
                0x00000068       0x13 CMakeFiles/Blink.dir/Core/Src/stm32f1xx_hal_msp.c.obj
 .debug_rnglists
                0x0000007b       0xa3 CMakeFiles/Blink.dir/Drivers/STM32F1xx_HAL_Driver/Src/stm32f1xx_hal.c.obj
 .debug_rnglists
                0x0000011e       0x6c CMakeFiles/Blink.dir/Drivers/STM32F1xx_HAL_Driver/Src/stm32f1xx_hal_rcc.c.obj
 .debug_rnglists
                0x0000018a       0x3f CMakeFiles/Blink.dir/Drivers/STM32F1xx_HAL_Driver/Src/stm32f1xx_hal_gpio.c.obj
 .debug_rnglists
                0x000001c9       0xbb CMakeFiles/Blink.dir/Drivers/STM32F1xx_HAL_Driver/Src/stm32f1xx_hal_cortex.c.obj
 .debug_rnglists
                0x00000284       0x1a CMakeFiles/Blink.dir/Core/Src/system_stm32f1xx.c.obj
 .debug_rnglists
                0x0000029e       0x19 CMakeFiles/Blink.dir/startup_stm32f103xb.s.obj

.debug_macro    0x00000000    0x15918
 .debug_macro   0x00000000      0x18e CMakeFiles/Blink.dir/Core/Src/main.c.obj
 .debug_macro   0x0000018e      0xaa8 CMakeFiles/Blink.dir/Core/Src/main.c.obj
 .debug_macro   0x00000c36      0x20f CMakeFiles/Blink.dir/Core/Src/main.c.obj
 .debug_macro   0x00000e45       0x2e CMakeFiles/Blink.dir/Core/Src/main.c.obj
 .debug_macro   0x00000e73       0x22 CMakeFiles/Blink.dir/Core/Src/main.c.obj
 .debug_macro   0x00000e95       0x22 CMakeFiles/Blink.dir/Core/Src/main.c.obj
 .debug_macro   0x00000eb7       0x8e CMakeFiles/Blink.dir/Core/Src/main.c.obj
 .debug_macro   0x00000f45       0x51 CMakeFiles/Blink.dir/Core/Src/main.c.obj
 .debug_macro   0x00000f96      0x103 CMakeFiles/Blink.dir/Core/Src/main.c.obj
 .debug_macro   0x00001099       0x6a CMakeFiles/Blink.dir/Core/Src/main.c.obj
 .debug_macro   0x00001103      0x1df CMakeFiles/Blink.dir/Core/Src/main.c.obj
 .debug_macro   0x000012e2       0x1c CMakeFiles/Blink.dir/Core/Src/main.c.obj
 .debug_macro   0x000012fe       0x22 CMakeFiles/Blink.dir/Core/Src/main.c.obj
 .debug_macro   0x00001320       0xbd CMakeFiles/Blink.dir/Core/Src/main.c.obj
 .debug_macro   0x000013dd      0xd23 CMakeFiles/Blink.dir/Core/Src/main.c.obj
 .debug_macro   0x00002100     0xe09e CMakeFiles/Blink.dir/Core/Src/main.c.obj
 .debug_macro   0x0001019e       0x6d CMakeFiles/Blink.dir/Core/Src/main.c.obj
 .debug_macro   0x0001020b     0x348d CMakeFiles/Blink.dir/Core/Src/main.c.obj
 .debug_macro   0x00013698      0x189 CMakeFiles/Blink.dir/Core/Src/main.c.obj
 .debug_macro   0x00013821       0x5c CMakeFiles/Blink.dir/Core/Src/main.c.obj
 .debug_macro   0x0001387d      0x5bc CMakeFiles/Blink.dir/Core/Src/main.c.obj
 .debug_macro   0x00013e39      0x289 CMakeFiles/Blink.dir/Core/Src/main.c.obj
 .debug_macro   0x000140c2      0x1cb CMakeFiles/Blink.dir/Core/Src/main.c.obj
 .debug_macro   0x0001428d      0x114 CMakeFiles/Blink.dir/Core/Src/main.c.obj
 .debug_macro   0x000143a1      0x1b2 CMakeFiles/Blink.dir/Core/Src/main.c.obj
 .debug_macro   0x00014553       0x27 CMakeFiles/Blink.dir/Core/Src/main.c.obj
 .debug_macro   0x0001457a      0x136 CMakeFiles/Blink.dir/Core/Src/main.c.obj
 .debug_macro   0x000146b0      0x1bc CMakeFiles/Blink.dir/Core/Src/main.c.obj
 .debug_macro   0x0001486c       0x34 CMakeFiles/Blink.dir/Core/Src/main.c.obj
 .debug_macro   0x000148a0       0x3c CMakeFiles/Blink.dir/Core/Src/main.c.obj
 .debug_macro   0x000148dc       0x57 CMakeFiles/Blink.dir/Core/Src/main.c.obj
 .debug_macro   0x00014933       0x87 CMakeFiles/Blink.dir/Core/Src/main.c.obj
 .debug_macro   0x000149ba      0x240 CMakeFiles/Blink.dir/Core/Src/main.c.obj
 .debug_macro   0x00014bfa      0x140 CMakeFiles/Blink.dir/Core/Src/main.c.obj
 .debug_macro   0x00014d3a       0x83 CMakeFiles/Blink.dir/Core/Src/main.c.obj
 .debug_macro   0x00014dbd      0x198 CMakeFiles/Blink.dir/Core/Src/stm32f1xx_it.c.obj
 .debug_macro   0x00014f55      0x18e CMakeFiles/Blink.dir/Core/Src/stm32f1xx_hal_msp.c.obj
 .debug_macro   0x000150e3      0x1a8 CMakeFiles/Blink.dir/Drivers/STM32F1xx_HAL_Driver/Src/stm32f1xx_hal.c.obj
 .debug_macro   0x0001528b      0x196 CMakeFiles/Blink.dir/Drivers/STM32F1xx_HAL_Driver/Src/stm32f1xx_hal_rcc.c.obj
 .debug_macro   0x00015421      0x1ef CMakeFiles/Blink.dir/Drivers/STM32F1xx_HAL_Driver/Src/stm32f1xx_hal_gpio.c.obj
 .debug_macro   0x00015610      0x184 CMakeFiles/Blink.dir/Drivers/STM32F1xx_HAL_Driver/Src/stm32f1xx_hal_cortex.c.obj
 .debug_macro   0x00015794      0x184 CMakeFiles/Blink.dir/Core/Src/system_stm32f1xx.c.obj

.debug_line     0x00000000     0x405f
 .debug_line    0x00000000      0x63d CMakeFiles/Blink.dir/Core/Src/main.c.obj
 .debug_line    0x0000063d      0x65b CMakeFiles/Blink.dir/Core/Src/stm32f1xx_it.c.obj
 .debug_line    0x00000c98      0x59a CMakeFiles/Blink.dir/Core/Src/stm32f1xx_hal_msp.c.obj
 .debug_line    0x00001232      0x844 CMakeFiles/Blink.dir/Drivers/STM32F1xx_HAL_Driver/Src/stm32f1xx_hal.c.obj
 .debug_line    0x00001a76      0xc4d CMakeFiles/Blink.dir/Drivers/STM32F1xx_HAL_Driver/Src/stm32f1xx_hal_rcc.c.obj
 .debug_line    0x000026c3      0x8dd CMakeFiles/Blink.dir/Drivers/STM32F1xx_HAL_Driver/Src/stm32f1xx_hal_gpio.c.obj
 .debug_line    0x00002fa0      0xa30 CMakeFiles/Blink.dir/Drivers/STM32F1xx_HAL_Driver/Src/stm32f1xx_hal_cortex.c.obj
 .debug_line    0x000039d0      0x617 CMakeFiles/Blink.dir/Core/Src/system_stm32f1xx.c.obj
 .debug_line    0x00003fe7       0x78 CMakeFiles/Blink.dir/startup_stm32f103xb.s.obj

.debug_str      0x00000000    0x7bc1e
 .debug_str     0x00000000    0x7ab9d CMakeFiles/Blink.dir/Core/Src/main.c.obj
                              0x7aec9 (size before relaxing)
 .debug_str     0x0007ab9d       0xe1 CMakeFiles/Blink.dir/Core/Src/stm32f1xx_it.c.obj
                              0x7acbd (size before relaxing)
 .debug_str     0x0007ac7e       0x72 CMakeFiles/Blink.dir/Core/Src/stm32f1xx_hal_msp.c.obj
                              0x7aca8 (size before relaxing)
 .debug_str     0x0007acf0      0x62f CMakeFiles/Blink.dir/Drivers/STM32F1xx_HAL_Driver/Src/stm32f1xx_hal.c.obj
                              0x7b406 (size before relaxing)
 .debug_str     0x0007b31f      0x267 CMakeFiles/Blink.dir/Drivers/STM32F1xx_HAL_Driver/Src/stm32f1xx_hal_rcc.c.obj
                              0x7b102 (size before relaxing)
 .debug_str     0x0007b586      0x30e CMakeFiles/Blink.dir/Drivers/STM32F1xx_HAL_Driver/Src/stm32f1xx_hal_gpio.c.obj
                              0x7b059 (size before relaxing)
 .debug_str     0x0007b894      0x2d3 CMakeFiles/Blink.dir/Drivers/STM32F1xx_HAL_Driver/Src/stm32f1xx_hal_cortex.c.obj
                              0x7b352 (size before relaxing)
 .debug_str     0x0007bb67       0x6a CMakeFiles/Blink.dir/Core/Src/system_stm32f1xx.c.obj
                              0x7acd3 (size before relaxing)
 .debug_str     0x0007bbd1       0x4d CMakeFiles/Blink.dir/startup_stm32f103xb.s.obj
                                 0x74 (size before relaxing)

.comment        0x00000000       0x43
 .comment       0x00000000       0x43 CMakeFiles/Blink.dir/Core/Src/main.c.obj
                                 0x44 (size before relaxing)
 .comment       0x00000043       0x44 CMakeFiles/Blink.dir/Core/Src/stm32f1xx_it.c.obj
 .comment       0x00000043       0x44 CMakeFiles/Blink.dir/Core/Src/stm32f1xx_hal_msp.c.obj
 .comment       0x00000043       0x44 CMakeFiles/Blink.dir/Drivers/STM32F1xx_HAL_Driver/Src/stm32f1xx_hal.c.obj
 .comment       0x00000043       0x44 CMakeFiles/Blink.dir/Drivers/STM32F1xx_HAL_Driver/Src/stm32f1xx_hal_rcc.c.obj
 .comment       0x00000043       0x44 CMakeFiles/Blink.dir/Drivers/STM32F1xx_HAL_Driver/Src/stm32f1xx_hal_gpio.c.obj
 .comment       0x00000043       0x44 CMakeFiles/Blink.dir/Drivers/STM32F1xx_HAL_Driver/Src/stm32f1xx_hal_cortex.c.obj
 .comment       0x00000043       0x44 CMakeFiles/Blink.dir/Core/Src/system_stm32f1xx.c.obj

.debug_line_str
                0x00000000       0x58
 .debug_line_str
                0x00000000       0x58 CMakeFiles/Blink.dir/startup_stm32f103xb.s.obj
